// Jest Snapshot v1, https://goo.gl/fbAQLP

exports[`Drop Down Component With Search option Component Snap Shot 1`] = `ShallowWrapper {}`;
